<html>
<body>
<pre>
<h1>µVision Build Log</h1>
<h2>Tool Versions:</h2>
IDE-Version: ¦ÌVision V5.18.0.0
Copyright (C) 2016 ARM Ltd and ARM Germany GmbH. All rights reserved.
License Information: í²,  , LIC=MPPLD-88XSW-VE9HA-1F0R1-ENB0V-K6A13
 
Tool Versions:
Toolchain:       MDK-ARM Standard  Version: 5.18
Toolchain Path:  C:\Keil_v5\ARM\ARMCC\Bin
C Compiler:      Armcc.exe V5.06 update 1 (build 61)
Assembler:       Armasm.exe V5.06 update 1 (build 61)
Linker/Locator:  ArmLink.exe V5.06 update 1 (build 61)
Library Manager: ArmAr.exe V5.06 update 1 (build 61)
Hex Converter:   FromElf.exe V5.06 update 1 (build 61)
CPU DLL:         SARMCM3.DLL V5.18
Dialog DLL:      DCM.DLL V1.13.6.0
Target DLL:      CMSIS_AGDI.dll V1.25.7.0
Dialog DLL:      TCM.DLL V1.14.8.0
 
<h2>Project:</h2>
C:\Users\YU\Desktop\LITTLE\STM32\all temp\3-Rcc\Rcc\Project\BH-F103.uvprojx
Project File Date:  10/21/2020

<h2>Output:</h2>
*** Using Compiler 'V5.06 update 1 (build 61)', folder: 'C:\Keil_v5\ARM\ARMCC\Bin'
Build target 'Target 1'
compiling bsp_rccclkconfig.c...
linking...
Program Size: Code=900 RO-data=320 RW-data=0 ZI-data=1024  
FromELF: creating hex file...
".\Objects\BH-F103.axf" - 0 Error(s), 0 Warning(s).

<h2>Collection of Component include folders:</h2>
  C:\Users\YU\Desktop\LITTLE\STM32\all temp\3-Rcc\Rcc\Project\RTE
  C:\Keil_v5\ARM\PACK\Keil\STM32F1xx_DFP\1.1.0\Device\Include

<h2>Collection of Component Files used:</h2>
Build Time Elapsed:  00:00:01
</pre>
</body>
</html>
